// Jest Snapshot v1, https://goo.gl/fbAQLP

exports[`Test of Button Test snapshot 1`] = `
<View
  accessible={true}
  focusable={true}
  onClick={[Function]}
  onResponderGrant={[Function]}
  onResponderMove={[Function]}
  onResponderRelease={[Function]}
  onResponderTerminate={[Function]}
  onResponderTerminationRequest={[Function]}
  onStartShouldSetResponder={[Function]}
  style={
    Object {
      "alignItems": "center",
      "backgroundColor": "#880e4f",
      "borderRadius": 13.5,
      "height": 66.5,
      "justifyContent": "center",
      "marginTop": 66.5,
      "opacity": 1,
      "width": 375,
    }
  }
  testID="button"
>
  <Text
    style={
      Array [
        Object {
          "color": "#FFFFFF",
          "fontSize": 28,
          "fontWeight": "700",
        },
        undefined,
        Object {
          "opacity": 0.5,
        },
      ]
    }
    testID="title"
  >
    anyTitle
  </Text>
</View>
`;
